Microchip MPLAB XC8 Compiler V1.35 ()

Linker command line:

--edf=C:\Program Files (x86)\Microchip\xc8\v1.35\dat\en_msgs.txt -cs \
  -h+dist/default/production\PROYECTO_CD2.X.production.sym \
  --cmf=dist/default/production\PROYECTO_CD2.X.production.cmf -z -Q18F4553 \
  -oC:\Users\juanc\AppData\Local\Temp\sc6o.2 \
  -Mdist/default/production/PROYECTO_CD2.X.production.map -E1 -ver=XC8 \
  -ASTACK=0A7h-07ffh -pstack=STACK -ACODE=00h-07FFFh -ACONST=00h-07FFFh \
  -ASMALLCONST=0800h-08FFhx120 -AMEDIUMCONST=0800h-07FFFh -ACOMRAM=01h-05Fh \
  -AABS1=00h-07FFh -ABIGRAM=01h-07FFh -ARAM=060h-0FFh,0100h-01FFhx7 \
  -ABANK0=060h-0FFh -ABANK1=0100h-01FFh -ABANK2=0200h-02FFh \
  -ABANK3=0300h-03FFh -ABANK4=0400h-04FFh -ABANK5=0500h-05FFh \
  -ABANK6=0600h-06FFh -ABANK7=0700h-07FFh -ASFR=0F60h-0FFFh \
  -preset_vec=00h,intcode=08h,intcodelo,powerup,init,end_init \
  -pramtop=0800h -psmallconst=SMALLCONST -pmediumconst=MEDIUMCONST \
  -pconst=CONST -AFARRAM=00h-00h -ACONFIG=0300000h-030000Dh -pconfig=CONFIG \
  -AIDLOC=0200000h-0200007h -pidloc=IDLOC -AEEDATA=0F00000h-0F000FFh \
  -peeprom_data=EEDATA \
  -prdata=COMRAM,nvrram=COMRAM,nvbit=COMRAM,rbss=COMRAM,rbit=COMRAM \
  -pfarbss=FARRAM,fardata=FARRAM,nvFARRAM=FARRAM \
  -pintsave_regs=BIGRAM,bigbss=BIGRAM,bigdata=BIGRAM -pbss=RAM \
  -pidata=CODE,irdata=CODE,ibigdata=CODE,ifardata=CODE -prparam=COMRAM \
  C:\Users\juanc\AppData\Local\Temp\sc6o.obj \
  dist/default/production\PROYECTO_CD2.X.production.obj 

Object code version is 3.11

Machine type is 18F4553

Call graph: (short form)




                Name                               Link     Load   Length Selector   Space Scale
C:\Users\juanc\AppData\Local\Temp\sc6o.obj
                end_init                             16       16        4        4       0
                reset_vec                             0        0        4        0       0
                idloc                            200000   200000        8   200000       0
                config                           300000   300000        E   300000       0
dist/default/production\PROYECTO_CD2.X.production.obj
                intcode                               8        8        E        4       0
                temp                                 4A       4A        1        1       1
                smallconst                          800      800       C2      400       0
                text27                             1D62     1D62      116      461       0
                intcode_body                       2100     2100       AE      461       0
                text25                             18CE     18CE      1BA      461       0
                text24                             23D2     23D2       44      461       0
                text23                             21AE     21AE       84      461       0
                text22                             22B2     22B2       70      461       0
                text21                             2052     2052       AE      461       0
                text20                             1A88     1A88      1AC      461       0
                text19                             1F6C     1F6C       E6      461       0
                text18                             259E     259E       24      461       0
                text17                             2526     2526       2A      461       0
                text16                             2458     2458       38      461       0
                text15                             1E78     1E78       F4      461       0
                text14                             1C34     1C34      12E      461       0
                text13                             2322     2322       5E      461       0
                text12                             2490     2490       34      461       0
                text11                             260E     260E        8      461       0
                text10                             2600     2600        E      461       0
                text9                              25C2     25C2       20      461       0
                text8                              24C4     24C4       32      461       0
                text7                              2232     2232       80      461       0
                text6                              2550     2550       28      461       0
                text5                              2380     2380       52      461       0
                text4                              2416     2416       42      461       0
                text3                              2578     2578       26      461       0
                text2                              25E2     25E2       1E      461       0
                text1                              15FC     15FC      2D2      461       0
                text0                               8C2      8C2      D3A      461       0
                cstackCOMRAM                          1        1       47        1       1
                cstackBANK0                          60       60       43       60       1
                bssBANK0                             A3       A3        4       60       1
                dataCOMRAM                           48       48        2        1       1
                cinit                              24F6     24F6       30      461       0
                idataCOMRAM                        2616     2616        2      461       0

TOTAL           Name                               Link     Load   Length     Space
        CLASS   STACK          

        CLASS   CODE           
                end_init                             16       16        4         0
                intcode                               8        8        E         0
                reset_vec                             0        0        4         0
                text27                             1D62     1D62      116         0
                intcode_body                       2100     2100       AE         0
                text25                             18CE     18CE      1BA         0
                text24                             23D2     23D2       44         0
                text23                             21AE     21AE       84         0
                text22                             22B2     22B2       70         0
                text21                             2052     2052       AE         0
                text20                             1A88     1A88      1AC         0
                text19                             1F6C     1F6C       E6         0
                text18                             259E     259E       24         0
                text17                             2526     2526       2A         0
                text16                             2458     2458       38         0
                text15                             1E78     1E78       F4         0
                text14                             1C34     1C34      12E         0
                text13                             2322     2322       5E         0
                text12                             2490     2490       34         0
                text11                             260E     260E        8         0
                text10                             2600     2600        E         0
                text9                              25C2     25C2       20         0
                text8                              24C4     24C4       32         0
                text7                              2232     2232       80         0
                text6                              2550     2550       28         0
                text5                              2380     2380       52         0
                text4                              2416     2416       42         0
                text3                              2578     2578       26         0
                text2                              25E2     25E2       1E         0
                text1                              15FC     15FC      2D2         0
                text0                               8C2      8C2      D3A         0
                cinit                              24F6     24F6       30         0
                idataCOMRAM                        2616     2616        2         0

        CLASS   CONST          

        CLASS   SMALLCONST     
                smallconst                          800      800       C2         0

        CLASS   MEDIUMCONST    

        CLASS   COMRAM         
                temp                                 4A       4A        1         1
                cstackCOMRAM                          1        1       47         1
                dataCOMRAM                           48       48        2         1

        CLASS   ABS1           

        CLASS   BIGRAM         

        CLASS   RAM            

        CLASS   BANK0          
                cstackBANK0                          60       60       43         1
                bssBANK0                             A3       A3        4         1

        CLASS   BANK1          

        CLASS   BANK2          

        CLASS   BANK3          

        CLASS   BANK4          

        CLASS   BANK5          

        CLASS   BANK6          

        CLASS   BANK7          

        CLASS   SFR            

        CLASS   FARRAM         

        CLASS   CONFIG         
                config                           300000   300000        E         0

        CLASS   IDLOC          
                idloc                            200000   200000        8         0

        CLASS   EEDATA         



SEGMENTS        Name                           Load    Length   Top    Selector   Space  Class

                reset_vec                      000000  000004  000004         0       0  CODE    
                cstackCOMRAM                   000001  00004A  00004B         1       1  COMRAM  
                intcode                        000008  000012  00001A         4       0  CODE    
                cstackBANK0                    000060  000047  0000A7        60       1  BANK0   
                smallconst                     000800  0000C2  0008C2       400       0  SMALLCON
                text0                          0008C2  001D56  002618       461       0  CODE    
                idloc                          200000  000008  200008    200000       0  IDLOC   
                config                         300000  00000E  30000E    300000       0  CONFIG  


UNUSED ADDRESS RANGES

        Name                Unused          Largest block    Delta
        BANK0            0000A7-0000FF               59
        BANK1            000100-0001FF              100
        BANK2            000200-0002FF              100
        BANK3            000300-0003FF              100
        BANK4            000400-0004FF              100
        BANK5            000500-0005FF              100
        BANK6            000600-0006FF              100
        BANK7            000700-0007FF              100
        BIGRAM           00004B-00005F               15
                         0000A7-0007FF              759
        CODE             000004-000007                4
                         00001A-0007FF              7E6
                         002618-007FFF             59E8
        COMRAM           00004B-00005F               15
        CONST            000004-000007                4
                         00001A-0007FF              7E6
                         002618-007FFF             59E8
        EEDATA           F00000-F000FF              100
        MEDIUMCONST      002618-007FFF             59E8
        RAM              0000A7-0007FF              100
        SFR              000F60-000FFF               A0
        SMALLCONST       002618-007FFF              100
        STACK            0000A7-0007FF              759

                                  Symbol Table

?_Valor_ADC                cstackCOMRAM 000016
?___awdiv                  cstackCOMRAM 000016
?___awmod                  cstackCOMRAM 000016
?___awtoft                 cstackCOMRAM 00001E
?___ftadd                  cstackCOMRAM 00001E
?___ftdiv                  cstackCOMRAM 000022
?___ftmul                  cstackCOMRAM 000031
?___ftneg                  cstackCOMRAM 000016
?___ftpack                 cstackCOMRAM 000016
?___fttol                  cstackCOMRAM 000040
?___lwdiv                  cstackCOMRAM 000016
?___lwmod                  cstackCOMRAM 00001D
?___wmul                   cstackCOMRAM 000016
?_leer_tecla_d             cstackCOMRAM 000001
?_sprintf                  cstackCOMRAM 000022
Config_ADC@CanalesA        cstackCOMRAM 000017
Config_ADC@Justificacion   cstackCOMRAM 00001C
Config_ADC@TAD             cstackCOMRAM 000016
Valor_ADC@ResultadoAdc     cstackCOMRAM 000019
Valor_ADC@canalAdc         cstackCOMRAM 000018
_ADCON0                    (abs)        000FC2
_ADCON0bits                (abs)        000FC2
_ADCON1                    (abs)        000FC1
_ADCON2                    (abs)        000FC0
_ADCON2bits                (abs)        000FC0
_ADRESH                    (abs)        000FC4
_ADRESL                    (abs)        000FC3
_CCP2CON                   (abs)        000FBA
_CCP2CONbits               (abs)        000FBA
_CCPR2L                    (abs)        000FBB
_Config_ADC                text25       0018CE
_INTCON2bits               (abs)        000FF1
_INTCONbits                (abs)        000FF2
_PIR1bits                  (abs)        000F9E
_PORTB                     (abs)        000F81
_PORTBbits                 (abs)        000F81
_PORTD                     (abs)        000F83
_PORTEbits                 (abs)        000F84
_PR2                       (abs)        000FCB
_RBIF                      (abs)        007F90
_T0CONbits                 (abs)        000FD5
_T2CON                     (abs)        000FCA
_TMR0                      (abs)        000FD6
_TMR0IF                    (abs)        007F92
_TRISB                     (abs)        000F93
_TRISC                     (abs)        000F94
_TRISD                     (abs)        000F95
_TRISEbits                 (abs)        000F96
_Valor_ADC                 text24       0023D2
__CFG_BOR$OFF              (abs)        000000
__CFG_BORV$0               (abs)        000000
__CFG_CCP2MX$ON            (abs)        000000
__CFG_CP0$OFF              (abs)        000000
__CFG_CP1$OFF              (abs)        000000
__CFG_CP2$OFF              (abs)        000000
__CFG_CP3$OFF              (abs)        000000
__CFG_CPB$OFF              (abs)        000000
__CFG_CPD$OFF              (abs)        000000
__CFG_CPUDIV$OSC1_PLL2     (abs)        000000
__CFG_DEBUG$OFF            (abs)        000000
__CFG_EBTR0$OFF            (abs)        000000
__CFG_EBTR1$OFF            (abs)        000000
__CFG_EBTR2$OFF            (abs)        000000
__CFG_EBTR3$OFF            (abs)        000000
__CFG_EBTRB$OFF            (abs)        000000
__CFG_FCMEN$OFF            (abs)        000000
__CFG_FOSC$HS              (abs)        000000
__CFG_ICPRT$OFF            (abs)        000000
__CFG_IESO$OFF             (abs)        000000
__CFG_LPT1OSC$OFF          (abs)        000000
__CFG_LVP$OFF              (abs)        000000
__CFG_MCLRE$OFF            (abs)        000000
__CFG_PBADEN$OFF           (abs)        000000
__CFG_PLLDIV$5             (abs)        000000
__CFG_PWRT$ON              (abs)        000000
__CFG_STVREN$OFF           (abs)        000000
__CFG_USBDIV$2             (abs)        000000
__CFG_VREGEN$ON            (abs)        000000
__CFG_WDT$OFF              (abs)        000000
__CFG_WDTPS$1              (abs)        000000
__CFG_WRT0$OFF             (abs)        000000
__CFG_WRT1$OFF             (abs)        000000
__CFG_WRT2$OFF             (abs)        000000
__CFG_WRT3$OFF             (abs)        000000
__CFG_WRTB$OFF             (abs)        000000
__CFG_WRTC$OFF             (abs)        000000
__CFG_WRTD$OFF             (abs)        000000
__CFG_XINST$OFF            (abs)        000000
__HRAM                     (abs)        000000
__Habs1                    abs1         000000
__Hbank0                   bank0        000000
__Hbank1                   bank1        000000
__Hbank2                   bank2        000000
__Hbank3                   bank3        000000
__Hbank4                   bank4        000000
__Hbank5                   bank5        000000
__Hbank6                   bank6        000000
__Hbank7                   bank7        000000
__Hbigbss                  bigbss       000000
__Hbigdata                 bigdata      000000
__Hbigram                  bigram       000000
__Hbss                     bss          000000
__HbssBANK0                bssBANK0     000000
__Hcinit                   cinit        000000
__Hclrtext                 clrtext      000000
__Hcomram                  comram       000000
__Hconfig                  config       30000E
__Hconst                   const        000000
__HcstackBANK0             cstackBANK0  000000
__HcstackCOMRAM            cstackCOMRAM 000000
__Hdata                    data         000000
__HdataCOMRAM              dataCOMRAM   000000
__Heeprom_data             eeprom_data  000000
__Hend_init                end_init     00001A
__Hfarbss                  farbss       000000
__Hfardata                 fardata      000000
__Hibigdata                ibigdata     000000
__Hidata                   idata        000000
__HidataCOMRAM             idataCOMRAM  000000
__Hidloc                   idloc        200008
__Hifardata                ifardata     000000
__Hinit                    init         000016
__Hintcode                 intcode      000016
__Hintcode_body            intcode_body 000000
__Hintcodelo               intcodelo    000016
__Hintentry                intentry     000000
__Hintret                  intret       000000
__Hintsave_regs            intsave_regs 000000
__Hirdata                  irdata       000000
__Hmediumconst             mediumconst  000000
__HnvFARRAM                nvFARRAM     000000
__Hnvbit                   nvbit        000000
__Hnvrram                  nvrram       000000
__Hparam                   rparam       000000
__Hpowerup                 powerup      000016
__Hram                     ram          000000
__Hramtop                  ramtop       000800
__Hrbit                    rbit         000000
__Hrbss                    rbss         000000
__Hrdata                   rdata        000000
__Hreset_vec               reset_vec    000004
__Hrparam                  rparam       000000
__Hsfr                     sfr          000000
__Hsmallconst              smallconst   0008C2
__Hspace_0                 (abs)        30000E
__Hspace_1                 (abs)        0000A7
__Hspace_2                 (abs)        000000
__Hstack                   stack        000000
__Hstruct                  struct       000000
__Htemp                    temp         00004B
__Htext                    text         000000
__Htext0                   text0        000000
__Htext1                   text1        000000
__Htext10                  text10       000000
__Htext11                  text11       000000
__Htext12                  text12       000000
__Htext13                  text13       000000
__Htext14                  text14       000000
__Htext15                  text15       000000
__Htext16                  text16       000000
__Htext17                  text17       000000
__Htext18                  text18       000000
__Htext19                  text19       000000
__Htext2                   text2        000000
__Htext20                  text20       000000
__Htext21                  text21       000000
__Htext22                  text22       000000
__Htext23                  text23       000000
__Htext24                  text24       000000
__Htext25                  text25       000000
__Htext27                  text27       000000
__Htext3                   text3        000000
__Htext4                   text4        000000
__Htext5                   text5        000000
__Htext6                   text6        000000
__Htext7                   text7        000000
__Htext8                   text8        000000
__Htext9                   text9        000000
__LRAM                     (abs)        000001
__Labs1                    abs1         000000
__Lbank0                   bank0        000000
__Lbank1                   bank1        000000
__Lbank2                   bank2        000000
__Lbank3                   bank3        000000
__Lbank4                   bank4        000000
__Lbank5                   bank5        000000
__Lbank6                   bank6        000000
__Lbank7                   bank7        000000
__Lbigbss                  bigbss       000000
__Lbigdata                 bigdata      000000
__Lbigram                  bigram       000000
__Lbss                     bss          000000
__LbssBANK0                bssBANK0     000000
__Lcinit                   cinit        000000
__Lclrtext                 clrtext      000000
__Lcomram                  comram       000000
__Lconfig                  config       300000
__Lconst                   const        000000
__LcstackBANK0             cstackBANK0  000000
__LcstackCOMRAM            cstackCOMRAM 000000
__Ldata                    data         000000
__LdataCOMRAM              dataCOMRAM   000000
__Leeprom_data             eeprom_data  000000
__Lend_init                end_init     000016
__Lfarbss                  farbss       000000
__Lfardata                 fardata      000000
__Libigdata                ibigdata     000000
__Lidata                   idata        000000
__LidataCOMRAM             idataCOMRAM  000000
__Lidloc                   idloc        200000
__Lifardata                ifardata     000000
__Linit                    init         000016
__Lintcode                 intcode      000008
__Lintcode_body            intcode_body 000000
__Lintcodelo               intcodelo    000016
__Lintentry                intentry     000000
__Lintret                  intret       000000
__Lintsave_regs            intsave_regs 000000
__Lirdata                  irdata       000000
__Lmediumconst             mediumconst  000000
__LnvFARRAM                nvFARRAM     000000
__Lnvbit                   nvbit        000000
__Lnvrram                  nvrram       000000
__Lparam                   rparam       000000
__Lpowerup                 powerup      000016
__Lram                     ram          000000
__Lramtop                  ramtop       000800
__Lrbit                    rbit         000000
__Lrbss                    rbss         000000
__Lrdata                   rdata        000000
__Lreset_vec               reset_vec    000000
__Lrparam                  rparam       000000
__Lsfr                     sfr          000000
__Lsmallconst              smallconst   000800
__Lspace_0                 (abs)        000000
__Lspace_1                 (abs)        000000
__Lspace_2                 (abs)        000000
__Lstack                   stack        000000
__Lstruct                  struct       000000
__Ltemp                    temp         00004A
__Ltext                    text         000000
__Ltext0                   text0        000000
__Ltext1                   text1        000000
__Ltext10                  text10       000000
__Ltext11                  text11       000000
__Ltext12                  text12       000000
__Ltext13                  text13       000000
__Ltext14                  text14       000000
__Ltext15                  text15       000000
__Ltext16                  text16       000000
__Ltext17                  text17       000000
__Ltext18                  text18       000000
__Ltext19                  text19       000000
__Ltext2                   text2        000000
__Ltext20                  text20       000000
__Ltext21                  text21       000000
__Ltext22                  text22       000000
__Ltext23                  text23       000000
__Ltext24                  text24       000000
__Ltext25                  text25       000000
__Ltext27                  text27       000000
__Ltext3                   text3        000000
__Ltext4                   text4        000000
__Ltext5                   text5        000000
__Ltext6                   text6        000000
__Ltext7                   text7        000000
__Ltext8                   text8        000000
__Ltext9                   text9        000000
__S0                       (abs)        30000E
__S1                       (abs)        0000A7
__S2                       (abs)        000000
___awdiv                   text23       0021AE
___awdiv@counter           cstackCOMRAM 00001A
___awdiv@dividend          cstackCOMRAM 000016
___awdiv@divisor           cstackCOMRAM 000018
___awdiv@quotient          cstackCOMRAM 00001C
___awdiv@sign              cstackCOMRAM 00001B
___awmod                   text22       0022B2
___awmod@counter           cstackCOMRAM 00001A
___awmod@dividend          cstackCOMRAM 000016
___awmod@divisor           cstackCOMRAM 000018
___awmod@sign              cstackCOMRAM 00001B
___awtoft                  text16       002458
___awtoft@c                cstackCOMRAM 00001E
___awtoft@sign             cstackCOMRAM 000021
___ftadd                   text20       001A88
___ftadd@exp1              cstackCOMRAM 000029
___ftadd@exp2              cstackCOMRAM 000028
___ftadd@f1                cstackCOMRAM 00001E
___ftadd@f2                cstackCOMRAM 000021
___ftadd@sign              cstackCOMRAM 000027
___ftdiv                   text19       001F6C
___ftdiv@cntr              cstackCOMRAM 00002B
___ftdiv@exp               cstackCOMRAM 00002F
___ftdiv@f1                cstackCOMRAM 000022
___ftdiv@f2                cstackCOMRAM 000025
___ftdiv@f3                cstackCOMRAM 00002C
___ftdiv@sign              cstackCOMRAM 000030
___ftmul                   text15       001E78
___ftmul@cntr              cstackCOMRAM 00003E
___ftmul@exp               cstackCOMRAM 00003A
___ftmul@f1                cstackCOMRAM 000031
___ftmul@f2                cstackCOMRAM 000034
___ftmul@f3_as_product     cstackCOMRAM 00003B
___ftmul@sign              cstackCOMRAM 00003F
___ftneg                   text18       00259E
___ftneg@f1                cstackCOMRAM 000016
___ftpack                  text21       002052
___ftpack@arg              cstackCOMRAM 000016
___ftpack@exp              cstackCOMRAM 000019
___ftpack@sign             cstackCOMRAM 00001A
___fttol                   text14       001C34
___fttol@exp1              cstackBANK0  00006A
___fttol@f1                cstackCOMRAM 000040
___fttol@lval              cstackBANK0  000066
___fttol@sign1             cstackBANK0  000065
___inthi_sp                stack        000000
___intlo_sp                stack        000000
___lwdiv                   text5        002380
___lwdiv@counter           cstackCOMRAM 00001C
___lwdiv@dividend          cstackCOMRAM 000016
___lwdiv@divisor           cstackCOMRAM 000018
___lwdiv@quotient          cstackCOMRAM 00001A
___lwmod                   text4        002416
___lwmod@counter           cstackCOMRAM 000021
___lwmod@dividend          cstackCOMRAM 00001D
___lwmod@divisor           cstackCOMRAM 00001F
___param_bank              (abs)        000010
___rparam_used             (abs)        000001
___sp                      stack        000000
___wmul                    text3        002578
___wmul@multiplicand       cstackCOMRAM 000018
___wmul@multiplier         cstackCOMRAM 000016
___wmul@product            cstackCOMRAM 00001A
__accesstop                (abs)        000060
__activetblptr             (abs)        000002
__end_of_Config_ADC        text25       001A88
__end_of_Valor_ADC         text24       002416
__end_of___awdiv           text23       002232
__end_of___awmod           text22       002322
__end_of___awtoft          text16       002490
__end_of___ftadd           text20       001C34
__end_of___ftdiv           text19       002052
__end_of___ftmul           text15       001F6C
__end_of___ftneg           text18       0025C2
__end_of___ftpack          text21       002100
__end_of___fttol           text14       001D62
__end_of___lwdiv           text5        0023D2
__end_of___lwmod           text4        002458
__end_of___wmul            text3        00259E
__end_of__initialization   cinit        002518
__end_of_configurar_pwm    text17       002550
__end_of_dpowers           smallconst   00080B
__end_of_duty_cycle_pwm    text13       002380
__end_of_isdigit           text2        002600
__end_of_isr               intcode_body 0021AE
__end_of_lcd_borrar        text11       002616
__end_of_lcd_comando       text12       0024C4
__end_of_lcd_cursor        text10       00260E
__end_of_lcd_dato          text9        0025E2
__end_of_lcd_escribir      text8        0024F6
__end_of_lcd_inicializar   text7        0022B2
__end_of_lcd_posicion      text6        002578
__end_of_leer_tecla_d      text27       001E78
__end_of_main              text0        0015FC
__end_of_sprintf           text1        0018CE
__initialization           cinit        0024F6
__mediumconst              mediumconst  000000
__pbssBANK0                bssBANK0     0000A3
__pcinit                   cinit        0024F6
__pcstackBANK0             cstackBANK0  000060
__pcstackCOMRAM            cstackCOMRAM 000001
__pdataCOMRAM              dataCOMRAM   000048
__pidataCOMRAM             idataCOMRAM  002616
__pintcode                 intcode      000008
__pintcode_body            intcode_body 002100
__psmallconst              smallconst   000800
__ptext0                   text0        0008C2
__ptext1                   text1        0015FC
__ptext10                  text10       002600
__ptext11                  text11       00260E
__ptext12                  text12       002490
__ptext13                  text13       002322
__ptext14                  text14       001C34
__ptext15                  text15       001E78
__ptext16                  text16       002458
__ptext17                  text17       002526
__ptext18                  text18       00259E
__ptext19                  text19       001F6C
__ptext2                   text2        0025E2
__ptext20                  text20       001A88
__ptext21                  text21       002052
__ptext22                  text22       0022B2
__ptext23                  text23       0021AE
__ptext24                  text24       0023D2
__ptext25                  text25       0018CE
__ptext27                  text27       001D62
__ptext3                   text3        002578
__ptext4                   text4        002416
__ptext5                   text5        002380
__ptext6                   text6        002550
__ptext7                   text7        002232
__ptext8                   text8        0024C4
__ptext9                   text9        0025C2
__ramtop                   ramtop       000800
__size_of_Config_ADC       (abs)        000000
__size_of_Valor_ADC        (abs)        000000
__size_of___awdiv          (abs)        000000
__size_of___awmod          (abs)        000000
__size_of___awtoft         (abs)        000000
__size_of___ftadd          (abs)        000000
__size_of___ftdiv          (abs)        000000
__size_of___ftmul          (abs)        000000
__size_of___ftneg          (abs)        000000
__size_of___ftpack         (abs)        000000
__size_of___fttol          (abs)        000000
__size_of___lwdiv          (abs)        000000
__size_of___lwmod          (abs)        000000
__size_of___wmul           (abs)        000000
__size_of_configurar_pwm   (abs)        000000
__size_of_duty_cycle_pwm   (abs)        000000
__size_of_isdigit          (abs)        000000
__size_of_isr              (abs)        000000
__size_of_lcd_borrar       (abs)        000000
__size_of_lcd_comando      (abs)        000000
__size_of_lcd_cursor       (abs)        000000
__size_of_lcd_dato         (abs)        000000
__size_of_lcd_escribir     (abs)        000000
__size_of_lcd_inicializar  (abs)        000000
__size_of_lcd_posicion     (abs)        000000
__size_of_leer_tecla_d     (abs)        000000
__size_of_main             (abs)        000000
__size_of_sprintf          (abs)        000000
__smallconst               smallconst   000800
_configurar_pwm            text17       002526
_dpowers                   smallconst   000801
_duty_cycle_pwm            text13       002322
_isdigit                   text2        0025E2
_isdigit$997               cstackCOMRAM 000017
_isr                       intcode      000008
_lcd_borrar                text11       00260E
_lcd_comando               text12       002490
_lcd_cursor                text10       002600
_lcd_dato                  text9        0025C2
_lcd_escribir              text8        0024C4
_lcd_inicializar           text7        002232
_lcd_posicion              text6        002550
_leer_tecla_d              text27       001D62
_main                      text0        0008C2
_menu                      bssBANK0     0000A3
_sprintf                   text1        0015FC
_tecla                     dataCOMRAM   000048
_tiempo                    bssBANK0     0000A5
btemp                      temp         00004A
configurar_pwm@a           cstackCOMRAM 000017
configurar_pwm@b           cstackCOMRAM 000016
duty_cycle_pwm@porc_pwm    cstackBANK0  00006B
duty_cycle_pwm@val_pwm     cstackCOMRAM 000046
end_of_initialization      cinit        002518
int$flags                  temp         00004A
int_func                   intcode_body 002100
intlevel0                  text         000000
intlevel1                  text         000000
intlevel2                  text         000000
intlevel3                  text         000000
isdigit@c                  cstackCOMRAM 000018
lcd_comando@dato           cstackCOMRAM 000017
lcd_cursor@blinking        cstackCOMRAM 000019
lcd_cursor@cursor          cstackCOMRAM 000018
lcd_dato@dato2             cstackCOMRAM 000016
lcd_escribir@cadena        cstackCOMRAM 000017
lcd_escribir@i             cstackCOMRAM 000019
lcd_inicializar@i          cstackCOMRAM 000019
lcd_posicion@a             cstackCOMRAM 000019
lcd_posicion@b             cstackCOMRAM 000018
lcd_posicion@direccion     cstackCOMRAM 00001A
leer_tecla_d@t             cstackCOMRAM 000004
leer_tecla_d@tecla_teclado cstackCOMRAM 000006
main@decenas               cstackBANK0  000093
main@i                     cstackBANK0  00009F
main@j                     cstackBANK0  00009D
main@k                     cstackBANK0  000095
main@led                   cstackBANK0  000090
main@linea                 cstackBANK0  00006E
main@linea2                cstackBANK0  00007E
main@luzext                cstackBANK0  000097
main@pwm                   cstackBANK0  00008E
main@tecla2                cstackBANK0  000099
main@tiempo1               cstackBANK0  00009B
main@unidades              cstackBANK0  0000A1
sprintf@ap                 cstackCOMRAM 000031
sprintf@c                  cstackCOMRAM 00003A
sprintf@cp                 cstackCOMRAM 00002E
sprintf@f                  cstackCOMRAM 000024
sprintf@flag               cstackCOMRAM 000033
sprintf@len                cstackCOMRAM 000034
sprintf@prec               cstackCOMRAM 000030
sprintf@sp                 cstackCOMRAM 000022
sprintf@val                cstackCOMRAM 000036
sprintf@width              cstackCOMRAM 000038
stackhi                    (abs)        0007FF
stacklo                    (abs)        0000A7
start                      init         000016
start_initialization       cinit        0024F6


FUNCTION INFORMATION:

 *************** function _main *****************
 Defined at:
		line 93 in file "proyecto.c"
 Parameters:    Size  Location     Type
		None
 Auto vars:     Size  Location     Type
  linea2         16   30[BANK0 ] unsigned char [16]
  linea          16   14[BANK0 ] unsigned char [16]
  led             3   48[BANK0 ] float 
  unidades        2   65[BANK0 ] int 
  i               2   63[BANK0 ] int 
  j               2   61[BANK0 ] int 
  tiempo1         2   59[BANK0 ] int 
  tecla2          2   57[BANK0 ] int 
  luzext          2   55[BANK0 ] int 
  k               2   53[BANK0 ] int 
  decenas         2   51[BANK0 ] int 
  pwm             2   46[BANK0 ] int 
 Return value:  Size  Location     Type
		None               void
 Registers used:
		wreg, fsr1l, fsr1h, fsr2l, fsr2h, status,2, status,0, tblptrl, tblptrh, tblptru, prodl, prodh, cstack
 Tracked objects:
		On entry : 
		On exit  : 
		Unchanged: 
 Data sizes:     COMRAM   BANK0   BANK1   BANK2   BANK3   BANK4   BANK5   BANK6   BANK7
      Params:         0       0       0       0       0       0       0       0       0
      Locals:         0      53       0       0       0       0       0       0       0
      Temps:          0       1       0       0       0       0       0       0       0
      Totals:         0      54       0       0       0       0       0       0       0
Total ram usage:       54 bytes
 Hardware stack levels required when called:    5
 This function calls:
		_Config_ADC
		_Valor_ADC
		___awdiv
		___awmod
		___awtoft
		___ftadd
		___ftdiv
		___ftmul
		___ftneg
		___fttol
		___wmul
		_configurar_pwm
		_duty_cycle_pwm
		_lcd_borrar
		_lcd_cursor
		_lcd_escribir
		_lcd_inicializar
		_lcd_posicion
		_sprintf
 This function is called by:
		Startup code after reset
 This function uses a non-reentrant model


 *************** function _sprintf *****************
 Defined at:
		line 492 in file "C:\Program Files (x86)\Microchip\xc8\v1.35\sources\common\doprnt.c"
 Parameters:    Size  Location     Type
  sp              2   33[COMRAM] PTR unsigned char 
		 -> main@linea2(16), main@linea(16), 
  f               2   35[COMRAM] PTR const unsigned char 
		 -> STR_16(7), STR_15(3), STR_14(3), STR_13(17), 
		 -> STR_12(18), STR_11(18), STR_10(17), STR_9(17), 
		 -> STR_8(17), STR_7(17), STR_6(18), STR_5(18), 
		 -> STR_4(17), STR_3(17), STR_2(17), STR_1(17), 
 Auto vars:     Size  Location     Type
  tmpval          4    0        struct .
  width           2   55[COMRAM] int 
  val             2   53[COMRAM] unsigned int 
  len             2   51[COMRAM] unsigned int 
  ap              2   48[COMRAM] PTR void [1]
		 -> ?_sprintf(2), 
  cp              2   45[COMRAM] PTR const unsigned char 
		 -> sprintf@c(1), 
  c               1   57[COMRAM] char 
  flag            1   50[COMRAM] unsigned char 
  prec            1   47[COMRAM] char 
 Return value:  Size  Location     Type
                  2   33[COMRAM] int 
 Registers used:
		wreg, fsr1l, fsr1h, fsr2l, fsr2h, status,2, status,0, tblptrl, tblptrh, tblptru, prodl, prodh, cstack
 Tracked objects:
		On entry : 
		On exit  : 
		Unchanged: 
 Data sizes:     COMRAM   BANK0   BANK1   BANK2   BANK3   BANK4   BANK5   BANK6   BANK7
      Params:         8       0       0       0       0       0       0       0       0
      Locals:        13       0       0       0       0       0       0       0       0
      Temps:          4       0       0       0       0       0       0       0       0
      Totals:        25       0       0       0       0       0       0       0       0
Total ram usage:       25 bytes
 Hardware stack levels used:    1
 Hardware stack levels required when called:    3
 This function calls:
		___lwdiv
		___lwmod
		___wmul
		_isdigit
 This function is called by:
		_main
 This function uses a non-reentrant model


 *************** function _isdigit *****************
 Defined at:
		line 8 in file "C:\Program Files (x86)\Microchip\xc8\v1.35\sources\common\isdigit.c"
 Parameters:    Size  Location     Type
  c               1    wreg     unsigned char 
 Auto vars:     Size  Location     Type
  c               1   23[COMRAM] unsigned char 
 Return value:  Size  Location     Type
		None               void
 Registers used:
		wreg, status,2, status,0
 Tracked objects:
		On entry : 
		On exit  : 
		Unchanged: 
 Data sizes:     COMRAM   BANK0   BANK1   BANK2   BANK3   BANK4   BANK5   BANK6   BANK7
      Params:         0       0       0       0       0       0       0       0       0
      Locals:         2       0       0       0       0       0       0       0       0
      Temps:          1       0       0       0       0       0       0       0       0
      Totals:         3       0       0       0       0       0       0       0       0
Total ram usage:        3 bytes
 Hardware stack levels used:    1
 Hardware stack levels required when called:    2
 This function calls:
		Nothing
 This function is called by:
		_sprintf
 This function uses a non-reentrant model


 *************** function ___wmul *****************
 Defined at:
		line 15 in file "C:\Program Files (x86)\Microchip\xc8\v1.35\sources\common\Umul16.c"
 Parameters:    Size  Location     Type
  multiplier      2   21[COMRAM] unsigned int 
  multiplicand    2   23[COMRAM] unsigned int 
 Auto vars:     Size  Location     Type
  product         2   25[COMRAM] unsigned int 
 Return value:  Size  Location     Type
                  2   21[COMRAM] unsigned int 
 Registers used:
		wreg, status,2, status,0, prodl, prodh
 Tracked objects:
		On entry : 
		On exit  : 
		Unchanged: 
 Data sizes:     COMRAM   BANK0   BANK1   BANK2   BANK3   BANK4   BANK5   BANK6   BANK7
      Params:         4       0       0       0       0       0       0       0       0
      Locals:         2       0       0       0       0       0       0       0       0
      Temps:          0       0       0       0       0       0       0       0       0
      Totals:         6       0       0       0       0       0       0       0       0
Total ram usage:        6 bytes
 Hardware stack levels used:    1
 Hardware stack levels required when called:    2
 This function calls:
		Nothing
 This function is called by:
		_main
		_sprintf
 This function uses a non-reentrant model


 *************** function ___lwmod *****************
 Defined at:
		line 8 in file "C:\Program Files (x86)\Microchip\xc8\v1.35\sources\common\lwmod.c"
 Parameters:    Size  Location     Type
  dividend        2   28[COMRAM] unsigned int 
  divisor         2   30[COMRAM] unsigned int 
 Auto vars:     Size  Location     Type
  counter         1   32[COMRAM] unsigned char 
 Return value:  Size  Location     Type
                  2   28[COMRAM] unsigned int 
 Registers used:
		wreg, status,2, status,0
 Tracked objects:
		On entry : 
		On exit  : 
		Unchanged: 
 Data sizes:     COMRAM   BANK0   BANK1   BANK2   BANK3   BANK4   BANK5   BANK6   BANK7
      Params:         4       0       0       0       0       0       0       0       0
      Locals:         1       0       0       0       0       0       0       0       0
      Temps:          0       0       0       0       0       0       0       0       0
      Totals:         5       0       0       0       0       0       0       0       0
Total ram usage:        5 bytes
 Hardware stack levels used:    1
 Hardware stack levels required when called:    2
 This function calls:
		Nothing
 This function is called by:
		_sprintf
 This function uses a non-reentrant model


 *************** function ___lwdiv *****************
 Defined at:
		line 8 in file "C:\Program Files (x86)\Microchip\xc8\v1.35\sources\common\lwdiv.c"
 Parameters:    Size  Location     Type
  dividend        2   21[COMRAM] unsigned int 
  divisor         2   23[COMRAM] unsigned int 
 Auto vars:     Size  Location     Type
  quotient        2   25[COMRAM] unsigned int 
  counter         1   27[COMRAM] unsigned char 
 Return value:  Size  Location     Type
                  2   21[COMRAM] unsigned int 
 Registers used:
		wreg, status,2, status,0
 Tracked objects:
		On entry : 
		On exit  : 
		Unchanged: 
 Data sizes:     COMRAM   BANK0   BANK1   BANK2   BANK3   BANK4   BANK5   BANK6   BANK7
      Params:         4       0       0       0       0       0       0       0       0
      Locals:         3       0       0       0       0       0       0       0       0
      Temps:          0       0       0       0       0       0       0       0       0
      Totals:         7       0       0       0       0       0       0       0       0
Total ram usage:        7 bytes
 Hardware stack levels used:    1
 Hardware stack levels required when called:    2
 This function calls:
		Nothing
 This function is called by:
		_sprintf
 This function uses a non-reentrant model


 *************** function _lcd_posicion *****************
 Defined at:
		line 73 in file "C:\Program Files (x86)\Microchip\xc8\v1.35\include\lcd8e.h"
 Parameters:    Size  Location     Type
  a               1    wreg     unsigned char 
  b               1   23[COMRAM] unsigned char 
 Auto vars:     Size  Location     Type
  a               1   24[COMRAM] unsigned char 
  direccion       1   25[COMRAM] unsigned char 
 Return value:  Size  Location     Type
		None               void
 Registers used:
		wreg, status,2, status,0, cstack
 Tracked objects:
		On entry : 
		On exit  : 
		Unchanged: 
 Data sizes:     COMRAM   BANK0   BANK1   BANK2   BANK3   BANK4   BANK5   BANK6   BANK7
      Params:         1       0       0       0       0       0       0       0       0
      Locals:         2       0       0       0       0       0       0       0       0
      Temps:          0       0       0       0       0       0       0       0       0
      Totals:         3       0       0       0       0       0       0       0       0
Total ram usage:        3 bytes
 Hardware stack levels used:    1
 Hardware stack levels required when called:    3
 This function calls:
		_lcd_comando
 This function is called by:
		_main
 This function uses a non-reentrant model


 *************** function _lcd_inicializar *****************
 Defined at:
		line 50 in file "C:\Program Files (x86)\Microchip\xc8\v1.35\include\lcd8e.h"
 Parameters:    Size  Location     Type
		None
 Auto vars:     Size  Location     Type
  i               2   24[COMRAM] int 
 Return value:  Size  Location     Type
		None               void
 Registers used:
		wreg, status,2, status,0, cstack
 Tracked objects:
		On entry : 
		On exit  : 
		Unchanged: 
 Data sizes:     COMRAM   BANK0   BANK1   BANK2   BANK3   BANK4   BANK5   BANK6   BANK7
      Params:         0       0       0       0       0       0       0       0       0
      Locals:         2       0       0       0       0       0       0       0       0
      Temps:          1       0       0       0       0       0       0       0       0
      Totals:         3       0       0       0       0       0       0       0       0
Total ram usage:        3 bytes
 Hardware stack levels used:    1
 Hardware stack levels required when called:    3
 This function calls:
		_lcd_comando
 This function is called by:
		_main
 This function uses a non-reentrant model


 *************** function _lcd_escribir *****************
 Defined at:
		line 86 in file "C:\Program Files (x86)\Microchip\xc8\v1.35\include\lcd8e.h"
 Parameters:    Size  Location     Type
  cadena          2   22[COMRAM] PTR unsigned char 
		 -> main@linea2(16), main@linea(16), 
 Auto vars:     Size  Location     Type
  i               2   24[COMRAM] int 
 Return value:  Size  Location     Type
		None               void
 Registers used:
		wreg, fsr2l, fsr2h, status,2, status,0, cstack
 Tracked objects:
		On entry : 
		On exit  : 
		Unchanged: 
 Data sizes:     COMRAM   BANK0   BANK1   BANK2   BANK3   BANK4   BANK5   BANK6   BANK7
      Params:         2       0       0       0       0       0       0       0       0
      Locals:         2       0       0       0       0       0       0       0       0
      Temps:          0       0       0       0       0       0       0       0       0
      Totals:         4       0       0       0       0       0       0       0       0
Total ram usage:        4 bytes
 Hardware stack levels used:    1
 Hardware stack levels required when called:    3
 This function calls:
		_lcd_dato
 This function is called by:
		_main
 This function uses a non-reentrant model


 *************** function _lcd_dato *****************
 Defined at:
		line 37 in file "C:\Program Files (x86)\Microchip\xc8\v1.35\include\lcd8e.h"
 Parameters:    Size  Location     Type
  dato2           1    wreg     unsigned char 
 Auto vars:     Size  Location     Type
  dato2           1   21[COMRAM] unsigned char 
 Return value:  Size  Location     Type
		None               void
 Registers used:
		wreg
 Tracked objects:
		On entry : 
		On exit  : 
		Unchanged: 
 Data sizes:     COMRAM   BANK0   BANK1   BANK2   BANK3   BANK4   BANK5   BANK6   BANK7
      Params:         0       0       0       0       0       0       0       0       0
      Locals:         1       0       0       0       0       0       0       0       0
      Temps:          0       0       0       0       0       0       0       0       0
      Totals:         1       0       0       0       0       0       0       0       0
Total ram usage:        1 bytes
 Hardware stack levels used:    1
 Hardware stack levels required when called:    2
 This function calls:
		Nothing
 This function is called by:
		_lcd_escribir
 This function uses a non-reentrant model


 *************** function _lcd_cursor *****************
 Defined at:
		line 95 in file "C:\Program Files (x86)\Microchip\xc8\v1.35\include\lcd8e.h"
 Parameters:    Size  Location     Type
  blinking        1    wreg     unsigned char 
  cursor          1   23[COMRAM] unsigned char 
 Auto vars:     Size  Location     Type
  blinking        1   24[COMRAM] unsigned char 
 Return value:  Size  Location     Type
		None               void
 Registers used:
		wreg, status,2, status,0, cstack
 Tracked objects:
		On entry : 
		On exit  : 
		Unchanged: 
 Data sizes:     COMRAM   BANK0   BANK1   BANK2   BANK3   BANK4   BANK5   BANK6   BANK7
      Params:         1       0       0       0       0       0       0       0       0
      Locals:         1       0       0       0       0       0       0       0       0
      Temps:          0       0       0       0       0       0       0       0       0
      Totals:         2       0       0       0       0       0       0       0       0
Total ram usage:        2 bytes
 Hardware stack levels used:    1
 Hardware stack levels required when called:    3
 This function calls:
		_lcd_comando
 This function is called by:
		_main
 This function uses a non-reentrant model


 *************** function _lcd_borrar *****************
 Defined at:
		line 102 in file "C:\Program Files (x86)\Microchip\xc8\v1.35\include\lcd8e.h"
 Parameters:    Size  Location     Type
		None
 Auto vars:     Size  Location     Type
		None
 Return value:  Size  Location     Type
		None               void
 Registers used:
		wreg, status,2, status,0, cstack
 Tracked objects:
		On entry : 
		On exit  : 
		Unchanged: 
 Data sizes:     COMRAM   BANK0   BANK1   BANK2   BANK3   BANK4   BANK5   BANK6   BANK7
      Params:         0       0       0       0       0       0       0       0       0
      Locals:         0       0       0       0       0       0       0       0       0
      Temps:          0       0       0       0       0       0       0       0       0
      Totals:         0       0       0       0       0       0       0       0       0
Total ram usage:        0 bytes
 Hardware stack levels used:    1
 Hardware stack levels required when called:    3
 This function calls:
		_lcd_comando
 This function is called by:
		_main
 This function uses a non-reentrant model


 *************** function _lcd_comando *****************
 Defined at:
		line 22 in file "C:\Program Files (x86)\Microchip\xc8\v1.35\include\lcd8e.h"
 Parameters:    Size  Location     Type
  dato            1    wreg     unsigned char 
 Auto vars:     Size  Location     Type
  dato            1   22[COMRAM] unsigned char 
 Return value:  Size  Location     Type
		None               void
 Registers used:
		wreg, status,2, status,0
 Tracked objects:
		On entry : 
		On exit  : 
		Unchanged: 
 Data sizes:     COMRAM   BANK0   BANK1   BANK2   BANK3   BANK4   BANK5   BANK6   BANK7
      Params:         0       0       0       0       0       0       0       0       0
      Locals:         1       0       0       0       0       0       0       0       0
      Temps:          1       0       0       0       0       0       0       0       0
      Totals:         2       0       0       0       0       0       0       0       0
Total ram usage:        2 bytes
 Hardware stack levels used:    1
 Hardware stack levels required when called:    2
 This function calls:
		Nothing
 This function is called by:
		_lcd_inicializar
		_lcd_posicion
		_lcd_cursor
		_lcd_borrar
 This function uses a non-reentrant model


 *************** function _duty_cycle_pwm *****************
 Defined at:
		line 30 in file "C:\Program Files (x86)\Microchip\xc8\v1.35\include\pwm_2.h"
 Parameters:    Size  Location     Type
  porc_pwm        2   11[BANK0 ] int 
 Auto vars:     Size  Location     Type
  val_pwm         2   69[COMRAM] unsigned int 
 Return value:  Size  Location     Type
		None               void
 Registers used:
		wreg, status,2, status,0, cstack
 Tracked objects:
		On entry : 
		On exit  : 
		Unchanged: 
 Data sizes:     COMRAM   BANK0   BANK1   BANK2   BANK3   BANK4   BANK5   BANK6   BANK7
      Params:         0       2       0       0       0       0       0       0       0
      Locals:         2       0       0       0       0       0       0       0       0
      Temps:          2       0       0       0       0       0       0       0       0
      Totals:         4       2       0       0       0       0       0       0       0
Total ram usage:        6 bytes
 Hardware stack levels used:    1
 Hardware stack levels required when called:    4
 This function calls:
		___awtoft
		___ftmul
		___fttol
 This function is called by:
		_main
 This function uses a non-reentrant model


 *************** function ___fttol *****************
 Defined at:
		line 44 in file "C:\Program Files (x86)\Microchip\xc8\v1.35\sources\common\fttol.c"
 Parameters:    Size  Location     Type
  f1              3   63[COMRAM] float 
 Auto vars:     Size  Location     Type
  lval            4    6[BANK0 ] unsigned long 
  exp1            1   10[BANK0 ] unsigned char 
  sign1           1    5[BANK0 ] unsigned char 
 Return value:  Size  Location     Type
                  4   63[COMRAM] long 
 Registers used:
		wreg, status,2, status,0
 Tracked objects:
		On entry : 
		On exit  : 
		Unchanged: 
 Data sizes:     COMRAM   BANK0   BANK1   BANK2   BANK3   BANK4   BANK5   BANK6   BANK7
      Params:         4       0       0       0       0       0       0       0       0
      Locals:         0       6       0       0       0       0       0       0       0
      Temps:          0       5       0       0       0       0       0       0       0
      Totals:         4      11       0       0       0       0       0       0       0
Total ram usage:       15 bytes
 Hardware stack levels used:    1
 Hardware stack levels required when called:    2
 This function calls:
		Nothing
 This function is called by:
		_duty_cycle_pwm
		_main
 This function uses a non-reentrant model


 *************** function ___ftmul *****************
 Defined at:
		line 62 in file "C:\Program Files (x86)\Microchip\xc8\v1.35\sources\common\ftmul.c"
 Parameters:    Size  Location     Type
  f1              3   48[COMRAM] float 
  f2              3   51[COMRAM] float 
 Auto vars:     Size  Location     Type
  f3_as_produc    3   58[COMRAM] unsigned um
  sign            1   62[COMRAM] unsigned char 
  cntr            1   61[COMRAM] unsigned char 
  exp             1   57[COMRAM] unsigned char 
 Return value:  Size  Location     Type
                  3   48[COMRAM] float 
 Registers used:
		wreg, status,2, status,0, cstack
 Tracked objects:
		On entry : 
		On exit  : 
		Unchanged: 
 Data sizes:     COMRAM   BANK0   BANK1   BANK2   BANK3   BANK4   BANK5   BANK6   BANK7
      Params:         6       0       0       0       0       0       0       0       0
      Locals:         6       0       0       0       0       0       0       0       0
      Temps:          3       0       0       0       0       0       0       0       0
      Totals:        15       0       0       0       0       0       0       0       0
Total ram usage:       15 bytes
 Hardware stack levels used:    1
 Hardware stack levels required when called:    3
 This function calls:
		___ftpack
 This function is called by:
		_duty_cycle_pwm
		_main
 This function uses a non-reentrant model


 *************** function ___awtoft *****************
 Defined at:
		line 32 in file "C:\Program Files (x86)\Microchip\xc8\v1.35\sources\common\awtoft.c"
 Parameters:    Size  Location     Type
  c               2   29[COMRAM] int 
 Auto vars:     Size  Location     Type
  sign            1   32[COMRAM] unsigned char 
 Return value:  Size  Location     Type
                  3   29[COMRAM] float 
 Registers used:
		wreg, status,2, status,0, cstack
 Tracked objects:
		On entry : 
		On exit  : 
		Unchanged: 
 Data sizes:     COMRAM   BANK0   BANK1   BANK2   BANK3   BANK4   BANK5   BANK6   BANK7
      Params:         3       0       0       0       0       0       0       0       0
      Locals:         1       0       0       0       0       0       0       0       0
      Temps:          0       0       0       0       0       0       0       0       0
      Totals:         4       0       0       0       0       0       0       0       0
Total ram usage:        4 bytes
 Hardware stack levels used:    1
 Hardware stack levels required when called:    3
 This function calls:
		___ftpack
 This function is called by:
		_duty_cycle_pwm
		_main
 This function uses a non-reentrant model


 *************** function _configurar_pwm *****************
 Defined at:
		line 14 in file "C:\Program Files (x86)\Microchip\xc8\v1.35\include\pwm_2.h"
 Parameters:    Size  Location     Type
  a               1    wreg     unsigned char 
  b               1   21[COMRAM] unsigned char 
 Auto vars:     Size  Location     Type
  a               1   22[COMRAM] unsigned char 
 Return value:  Size  Location     Type
		None               void
 Registers used:
		wreg, status,2, status,0
 Tracked objects:
		On entry : 
		On exit  : 
		Unchanged: 
 Data sizes:     COMRAM   BANK0   BANK1   BANK2   BANK3   BANK4   BANK5   BANK6   BANK7
      Params:         1       0       0       0       0       0       0       0       0
      Locals:         1       0       0       0       0       0       0       0       0
      Temps:          0       0       0       0       0       0       0       0       0
      Totals:         2       0       0       0       0       0       0       0       0
Total ram usage:        2 bytes
 Hardware stack levels used:    1
 Hardware stack levels required when called:    2
 This function calls:
		Nothing
 This function is called by:
		_main
 This function uses a non-reentrant model


 *************** function ___ftneg *****************
 Defined at:
		line 15 in file "C:\Program Files (x86)\Microchip\xc8\v1.35\sources\common\ftneg.c"
 Parameters:    Size  Location     Type
  f1              3   21[COMRAM] float 
 Auto vars:     Size  Location     Type
		None
 Return value:  Size  Location     Type
                  3   21[COMRAM] float 
 Registers used:
		wreg, status,2, status,0
 Tracked objects:
		On entry : 
		On exit  : 
		Unchanged: 
 Data sizes:     COMRAM   BANK0   BANK1   BANK2   BANK3   BANK4   BANK5   BANK6   BANK7
      Params:         3       0       0       0       0       0       0       0       0
      Locals:         0       0       0       0       0       0       0       0       0
      Temps:          0       0       0       0       0       0       0       0       0
      Totals:         3       0       0       0       0       0       0       0       0
Total ram usage:        3 bytes
 Hardware stack levels used:    1
 Hardware stack levels required when called:    2
 This function calls:
		Nothing
 This function is called by:
		_main
 This function uses a non-reentrant model


 *************** function ___ftdiv *****************
 Defined at:
		line 54 in file "C:\Program Files (x86)\Microchip\xc8\v1.35\sources\common\ftdiv.c"
 Parameters:    Size  Location     Type
  f1              3   33[COMRAM] float 
  f2              3   36[COMRAM] float 
 Auto vars:     Size  Location     Type
  f3              3   43[COMRAM] float 
  sign            1   47[COMRAM] unsigned char 
  exp             1   46[COMRAM] unsigned char 
  cntr            1   42[COMRAM] unsigned char 
 Return value:  Size  Location     Type
                  3   33[COMRAM] float 
 Registers used:
		wreg, status,2, status,0, cstack
 Tracked objects:
		On entry : 
		On exit  : 
		Unchanged: 
 Data sizes:     COMRAM   BANK0   BANK1   BANK2   BANK3   BANK4   BANK5   BANK6   BANK7
      Params:         6       0       0       0       0       0       0       0       0
      Locals:         6       0       0       0       0       0       0       0       0
      Temps:          3       0       0       0       0       0       0       0       0
      Totals:        15       0       0       0       0       0       0       0       0
Total ram usage:       15 bytes
 Hardware stack levels used:    1
 Hardware stack levels required when called:    3
 This function calls:
		___ftpack
 This function is called by:
		_main
 This function uses a non-reentrant model


 *************** function ___ftadd *****************
 Defined at:
		line 86 in file "C:\Program Files (x86)\Microchip\xc8\v1.35\sources\common\ftadd.c"
 Parameters:    Size  Location     Type
  f1              3   29[COMRAM] float 
  f2              3   32[COMRAM] float 
 Auto vars:     Size  Location     Type
  exp1            1   40[COMRAM] unsigned char 
  exp2            1   39[COMRAM] unsigned char 
  sign            1   38[COMRAM] unsigned char 
 Return value:  Size  Location     Type
                  3   29[COMRAM] float 
 Registers used:
		wreg, status,2, status,0, cstack
 Tracked objects:
		On entry : 
		On exit  : 
		Unchanged: 
 Data sizes:     COMRAM   BANK0   BANK1   BANK2   BANK3   BANK4   BANK5   BANK6   BANK7
      Params:         6       0       0       0       0       0       0       0       0
      Locals:         3       0       0       0       0       0       0       0       0
      Temps:          3       0       0       0       0       0       0       0       0
      Totals:        12       0       0       0       0       0       0       0       0
Total ram usage:       12 bytes
 Hardware stack levels used:    1
 Hardware stack levels required when called:    3
 This function calls:
		___ftpack
 This function is called by:
		_main
 This function uses a non-reentrant model


 *************** function ___ftpack *****************
 Defined at:
		line 62 in file "C:\Program Files (x86)\Microchip\xc8\v1.35\sources\common\float.c"
 Parameters:    Size  Location     Type
  arg             3   21[COMRAM] unsigned um
  exp             1   24[COMRAM] unsigned char 
  sign            1   25[COMRAM] unsigned char 
 Auto vars:     Size  Location     Type
		None
 Return value:  Size  Location     Type
                  3   21[COMRAM] float 
 Registers used:
		wreg, status,2, status,0
 Tracked objects:
		On entry : 
		On exit  : 
		Unchanged: 
 Data sizes:     COMRAM   BANK0   BANK1   BANK2   BANK3   BANK4   BANK5   BANK6   BANK7
      Params:         5       0       0       0       0       0       0       0       0
      Locals:         0       0       0       0       0       0       0       0       0
      Temps:          3       0       0       0       0       0       0       0       0
      Totals:         8       0       0       0       0       0       0       0       0
Total ram usage:        8 bytes
 Hardware stack levels used:    1
 Hardware stack levels required when called:    2
 This function calls:
		Nothing
 This function is called by:
		___awtoft
		___ftadd
		___ftdiv
		___ftmul
 This function uses a non-reentrant model


 *************** function ___awmod *****************
 Defined at:
		line 8 in file "C:\Program Files (x86)\Microchip\xc8\v1.35\sources\common\awmod.c"
 Parameters:    Size  Location     Type
  dividend        2   21[COMRAM] int 
  divisor         2   23[COMRAM] int 
 Auto vars:     Size  Location     Type
  sign            1   26[COMRAM] unsigned char 
  counter         1   25[COMRAM] unsigned char 
 Return value:  Size  Location     Type
                  2   21[COMRAM] int 
 Registers used:
		wreg, status,2, status,0
 Tracked objects:
		On entry : 
		On exit  : 
		Unchanged: 
 Data sizes:     COMRAM   BANK0   BANK1   BANK2   BANK3   BANK4   BANK5   BANK6   BANK7
      Params:         4       0       0       0       0       0       0       0       0
      Locals:         2       0       0       0       0       0       0       0       0
      Temps:          0       0       0       0       0       0       0       0       0
      Totals:         6       0       0       0       0       0       0       0       0
Total ram usage:        6 bytes
 Hardware stack levels used:    1
 Hardware stack levels required when called:    2
 This function calls:
		Nothing
 This function is called by:
		_main
 This function uses a non-reentrant model


 *************** function ___awdiv *****************
 Defined at:
		line 8 in file "C:\Program Files (x86)\Microchip\xc8\v1.35\sources\common\awdiv.c"
 Parameters:    Size  Location     Type
  dividend        2   21[COMRAM] int 
  divisor         2   23[COMRAM] int 
 Auto vars:     Size  Location     Type
  quotient        2   27[COMRAM] int 
  sign            1   26[COMRAM] unsigned char 
  counter         1   25[COMRAM] unsigned char 
 Return value:  Size  Location     Type
                  2   21[COMRAM] int 
 Registers used:
		wreg, status,2, status,0
 Tracked objects:
		On entry : 
		On exit  : 
		Unchanged: 
 Data sizes:     COMRAM   BANK0   BANK1   BANK2   BANK3   BANK4   BANK5   BANK6   BANK7
      Params:         4       0       0       0       0       0       0       0       0
      Locals:         4       0       0       0       0       0       0       0       0
      Temps:          0       0       0       0       0       0       0       0       0
      Totals:         8       0       0       0       0       0       0       0       0
Total ram usage:        8 bytes
 Hardware stack levels used:    1
 Hardware stack levels required when called:    2
 This function calls:
		Nothing
 This function is called by:
		_main
 This function uses a non-reentrant model


 *************** function _Valor_ADC *****************
 Defined at:
		line 68 in file "C:\Program Files (x86)\Microchip\xc8\v1.35\include\adconv.h"
 Parameters:    Size  Location     Type
  canalAdc        1    wreg     unsigned char 
 Auto vars:     Size  Location     Type
  canalAdc        1   23[COMRAM] unsigned char 
  ResultadoAdc    2   24[COMRAM] int 
 Return value:  Size  Location     Type
                  2   21[COMRAM] int 
 Registers used:
		wreg, status,2, status,0
 Tracked objects:
		On entry : 
		On exit  : 
		Unchanged: 
 Data sizes:     COMRAM   BANK0   BANK1   BANK2   BANK3   BANK4   BANK5   BANK6   BANK7
      Params:         2       0       0       0       0       0       0       0       0
      Locals:         3       0       0       0       0       0       0       0       0
      Temps:          0       0       0       0       0       0       0       0       0
      Totals:         5       0       0       0       0       0       0       0       0
Total ram usage:        5 bytes
 Hardware stack levels used:    1
 Hardware stack levels required when called:    2
 This function calls:
		Nothing
 This function is called by:
		_main
 This function uses a non-reentrant model


 *************** function _Config_ADC *****************
 Defined at:
		line 7 in file "C:\Program Files (x86)\Microchip\xc8\v1.35\include\adconv.h"
 Parameters:    Size  Location     Type
  Justificacio    1    wreg     unsigned char 
  TAD             1   21[COMRAM] unsigned char 
  CanalesA        1   22[COMRAM] unsigned char 
 Auto vars:     Size  Location     Type
  Justificacio    1   27[COMRAM] unsigned char 
 Return value:  Size  Location     Type
		None               void
 Registers used:
		wreg, status,2, status,0
 Tracked objects:
		On entry : 
		On exit  : 
		Unchanged: 
 Data sizes:     COMRAM   BANK0   BANK1   BANK2   BANK3   BANK4   BANK5   BANK6   BANK7
      Params:         2       0       0       0       0       0       0       0       0
      Locals:         1       0       0       0       0       0       0       0       0
      Temps:          4       0       0       0       0       0       0       0       0
      Totals:         7       0       0       0       0       0       0       0       0
Total ram usage:        7 bytes
 Hardware stack levels used:    1
 Hardware stack levels required when called:    2
 This function calls:
		Nothing
 This function is called by:
		_main
 This function uses a non-reentrant model


 *************** function _isr *****************
 Defined at:
		line 76 in file "proyecto.c"
 Parameters:    Size  Location     Type
		None
 Auto vars:     Size  Location     Type
		None
 Return value:  Size  Location     Type
		None               void
 Registers used:
		wreg, status,2, status,0, cstack
 Tracked objects:
		On entry : 
		On exit  : 
		Unchanged: 
 Data sizes:     COMRAM   BANK0   BANK1   BANK2   BANK3   BANK4   BANK5   BANK6   BANK7
      Params:         0       0       0       0       0       0       0       0       0
      Locals:         0       0       0       0       0       0       0       0       0
      Temps:         14       0       0       0       0       0       0       0       0
      Totals:        14       0       0       0       0       0       0       0       0
Total ram usage:       14 bytes
 Hardware stack levels used:    1
 Hardware stack levels required when called:    1
 This function calls:
		_leer_tecla_d
 This function is called by:
		Interrupt level 2
 This function uses a non-reentrant model


 *************** function _leer_tecla_d *****************
 Defined at:
		line 20 in file "proyecto.c"
 Parameters:    Size  Location     Type
		None
 Auto vars:     Size  Location     Type
  t               2    3[COMRAM] int 
  tecla_teclad    2    5[COMRAM] int 
 Return value:  Size  Location     Type
                  2    0[COMRAM] int 
 Registers used:
		wreg, status,2, status,0
 Tracked objects:
		On entry : 
		On exit  : 
		Unchanged: 
 Data sizes:     COMRAM   BANK0   BANK1   BANK2   BANK3   BANK4   BANK5   BANK6   BANK7
      Params:         2       0       0       0       0       0       0       0       0
      Locals:         4       0       0       0       0       0       0       0       0
      Temps:          1       0       0       0       0       0       0       0       0
      Totals:         7       0       0       0       0       0       0       0       0
Total ram usage:        7 bytes
 Hardware stack levels used:    1
 This function calls:
		Nothing
 This function is called by:
		_isr
 This function uses a non-reentrant model



MODULE INFORMATION

Module		Function		Class		Link	Load	Size
proyecto.c
		_main          		CODE           	08C2	0000	3387
		_leer_tecla_d  		CODE           	1D62	0000	279
		_isr           		CODE           	0008	0000	189

proyecto.c estimated size: 3855

C:\Program Files (x86)\Microchip\xc8\v1.35\include\lcd8e.h
		_lcd_comando   		CODE           	2490	0000	53
		_lcd_dato      		CODE           	25C2	0000	33
		_lcd_borrar    		CODE           	260E	0000	9
		_lcd_posicion  		CODE           	2550	0000	41
		_lcd_cursor    		CODE           	2600	0000	15
		_lcd_inicializar		CODE           	2232	0000	129
		_lcd_escribir  		CODE           	24C4	0000	51

C:\Program Files (x86)\Microchip\xc8\v1.35\include\lcd8e.h estimated size: 331

C:\Program Files (x86)\Microchip\xc8\v1.35\sources\common\awdiv.c
		___awdiv       		CODE           	21AE	0000	133

C:\Program Files (x86)\Microchip\xc8\v1.35\sources\common\awdiv.c estimated size: 133

C:\Program Files (x86)\Microchip\xc8\v1.35\sources\common\ftadd.c
		___ftadd       		CODE           	1A88	0000	429

C:\Program Files (x86)\Microchip\xc8\v1.35\sources\common\ftadd.c estimated size: 429

C:\Program Files (x86)\Microchip\xc8\v1.35\sources\common\isdigit.c
		_isdigit       		CODE           	25E2	0000	31

C:\Program Files (x86)\Microchip\xc8\v1.35\sources\common\isdigit.c estimated size: 31

C:\Program Files (x86)\Microchip\xc8\v1.35\include\adconv.h
		_Valor_ADC     		CODE           	23D2	0000	69
		_Config_ADC    		CODE           	18CE	0000	443

C:\Program Files (x86)\Microchip\xc8\v1.35\include\adconv.h estimated size: 512

C:\Program Files (x86)\Microchip\xc8\v1.35\sources\common\ftneg.c
		___ftneg       		CODE           	259E	0000	37

C:\Program Files (x86)\Microchip\xc8\v1.35\sources\common\ftneg.c estimated size: 37

C:\Program Files (x86)\Microchip\xc8\v1.35\sources\common\awtoft.c
		___awtoft      		CODE           	2458	0000	57

C:\Program Files (x86)\Microchip\xc8\v1.35\sources\common\awtoft.c estimated size: 57

C:\Program Files (x86)\Microchip\xc8\v1.35\sources\common\float.c
		___ftpack      		CODE           	2052	0000	175

C:\Program Files (x86)\Microchip\xc8\v1.35\sources\common\float.c estimated size: 175

C:\Program Files (x86)\Microchip\xc8\v1.35\sources\common\lwmod.c
		___lwmod       		CODE           	2416	0000	67

C:\Program Files (x86)\Microchip\xc8\v1.35\sources\common\lwmod.c estimated size: 67

C:\Program Files (x86)\Microchip\xc8\v1.35\sources\common\doprnt.c
		_sprintf       		CODE           	15FC	0000	723

C:\Program Files (x86)\Microchip\xc8\v1.35\sources\common\doprnt.c estimated size: 723

shared
		_dpowers       		SMALLCONST     	0801	0000	11
		__initialization		CODE           	24F6	0000	35

shared estimated size: 46

C:\Program Files (x86)\Microchip\xc8\v1.35\sources\common\ftmul.c
		___ftmul       		CODE           	1E78	0000	245

C:\Program Files (x86)\Microchip\xc8\v1.35\sources\common\ftmul.c estimated size: 245

C:\Program Files (x86)\Microchip\xc8\v1.35\sources\common\awmod.c
		___awmod       		CODE           	22B2	0000	113

C:\Program Files (x86)\Microchip\xc8\v1.35\sources\common\awmod.c estimated size: 113

C:\Program Files (x86)\Microchip\xc8\v1.35\sources\common\ftdiv.c
		___ftdiv       		CODE           	1F6C	0000	231

C:\Program Files (x86)\Microchip\xc8\v1.35\sources\common\ftdiv.c estimated size: 231

C:\Program Files (x86)\Microchip\xc8\v1.35\include\pwm_2.h
		_configurar_pwm		CODE           	2526	0000	43
		_duty_cycle_pwm		CODE           	2322	0000	95

C:\Program Files (x86)\Microchip\xc8\v1.35\include\pwm_2.h estimated size: 138

C:\Program Files (x86)\Microchip\xc8\v1.35\sources\common\lwdiv.c
		___lwdiv       		CODE           	2380	0000	83

C:\Program Files (x86)\Microchip\xc8\v1.35\sources\common\lwdiv.c estimated size: 83

C:\Program Files (x86)\Microchip\xc8\v1.35\sources\common\Umul16.c
		___wmul        		CODE           	2578	0000	39

C:\Program Files (x86)\Microchip\xc8\v1.35\sources\common\Umul16.c estimated size: 39

C:\Program Files (x86)\Microchip\xc8\v1.35\sources\common\fttol.c
		___fttol       		CODE           	1C34	0000	303

C:\Program Files (x86)\Microchip\xc8\v1.35\sources\common\fttol.c estimated size: 303

